A51 MACRO ASSEMBLER  EX_2_2                                                               08/08/2018 16:34:27 PAGE     1


MACRO ASSEMBLER A51 V8.02b
OBJECT MODULE PLACED IN ex_2_2.OBJ
ASSEMBLER INVOKED BY: C:\Keil_v5\C51\BIN\A51.EXE ex_2_2.asm SET(SMALL) DEBUG EP

LOC  OBJ            LINE     SOURCE

0000 7411              1     MOV A, #11H
0002 75F015            2     MOV B, #15H
0005 A4                3     MUL AB
0006 D4                4     DA A
0007 F9                5     MOV R1,A
0008 E5F0              6     MOV A,B
000A D4                7     DA A
000B F5F0              8     MOV B,A
000D E9                9     MOV A, R1
                      10     END
A51 MACRO ASSEMBLER  EX_2_2                                                               08/08/2018 16:34:27 PAGE     2

SYMBOL TABLE LISTING
------ ----- -------


N A M E             T Y P E  V A L U E   ATTRIBUTES

B. . . . . . . . .  D ADDR   00F0H   A   


REGISTER BANK(S) USED: 0 


ASSEMBLY COMPLETE.  0 WARNING(S), 0 ERROR(S)
